Hello from MLE-Agent!